
Type HELP for a list of options
Press <CTRL + D> to Quit

> INVALID COMMAND: REMOVE

> List 0: 1 -> 2.20 -> E -> Four

> List 1: 20000.00

> INVALID COMMAND: REMOVE

> INVALID COMMAND: REMOVE

> INVALID COMMAND: REMOVE

> INVALID COMMAND: REMOVE

> INVALID COMMAND: REMOVE

> INVALID COMMAND: REMOVE

> INVALID COMMAND: REMOVE

> INVALID COMMAND: REMOVE

> INVALID COMMAND: REMOVE

> INVALID COMMAND: REMOVE

> INVALID COMMAND: REMOVE

> INVALID COMMAND: REMOVE

> INVALID COMMAND: REMOVE

> INVALID COMMAND: REMOVE

> INVALID COMMAND: REMOVE

> INVALID COMMAND: REMOVE

> INVALID COMMAND: REMOVE

> INVALID COMMAND: REMOVE

> INVALID COMMAND: REMOVE

> INVALID COMMAND: REMOVE

> INVALID COMMAND: REMOVE

> INVALID COMMAND: INPUT

> INVALID COMMAND: INPUT

> INVALID COMMAND: INPUT

> INVALID COMMAND: INPUT

> INVALID COMMAND: INPUT

> INVALID COMMAND: INPUT

> INVALID COMMAND: INPUT

> INVALID COMMAND: INPUT

> INVALID COMMAND: INPUT

> INVALID COMMAND: INPUT

> INVALID COMMAND: INPUT

> INVALID COMMAND: INPUT

> INVALID COMMAND: INPUT

> INVALID COMMAND: INPUT

> 
